// Jest Snapshot v1, https://goo.gl/fbAQLP

exports[`app component it matches snapshots 1`] = `undefined`;
